// Jest Snapshot v1, https://goo.gl/fbAQLP

exports[`snapshot 1`] = `
Object {
  "asFragment": [Function],
  "baseElement": <body>
    <div>
      <header
        class="header"
      >
        <div
          class="container"
        >
          <div
            class="row"
          >
            <h1
              class="col-12"
              id="name"
            >
              Hello, 
            </h1>
          </div>
        </div>
      </header>
      <div
        class="container image-list"
      >
        <div
          class="row"
        >
          <div
            class="col-12"
          >
            <form
              class="search-group"
              data-testid="search-form"
            >
              <label
                for="search"
                hidden=""
              >
                Search
              </label>
              <input
                data-testid="inputbox"
                id="search"
                name="search"
                placeholder="Search"
                type="text"
                value=""
              />
              <button
                type="submit"
              >
                Search
              </button>
            </form>
            <div
              class="error"
            >
              Please enter valid keyword
            </div>
          </div>
        </div>
      </div>
    </div>
  </body>,
  "container": <div>
    <header
      class="header"
    >
      <div
        class="container"
      >
        <div
          class="row"
        >
          <h1
            class="col-12"
            id="name"
          >
            Hello, 
          </h1>
        </div>
      </div>
    </header>
    <div
      class="container image-list"
    >
      <div
        class="row"
      >
        <div
          class="col-12"
        >
          <form
            class="search-group"
            data-testid="search-form"
          >
            <label
              for="search"
              hidden=""
            >
              Search
            </label>
            <input
              data-testid="inputbox"
              id="search"
              name="search"
              placeholder="Search"
              type="text"
              value=""
            />
            <button
              type="submit"
            >
              Search
            </button>
          </form>
          <div
            class="error"
          >
            Please enter valid keyword
          </div>
        </div>
      </div>
    </div>
  </div>,
  "debug": [Function],
  "findAllByAltText": [Function],
  "findAllByDisplayValue": [Function],
  "findAllByLabelText": [Function],
  "findAllByPlaceholderText": [Function],
  "findAllByRole": [Function],
  "findAllByTestId": [Function],
  "findAllByText": [Function],
  "findAllByTitle": [Function],
  "findByAltText": [Function],
  "findByDisplayValue": [Function],
  "findByLabelText": [Function],
  "findByPlaceholderText": [Function],
  "findByRole": [Function],
  "findByTestId": [Function],
  "findByText": [Function],
  "findByTitle": [Function],
  "getAllByAltText": [Function],
  "getAllByDisplayValue": [Function],
  "getAllByLabelText": [Function],
  "getAllByPlaceholderText": [Function],
  "getAllByRole": [Function],
  "getAllByTestId": [Function],
  "getAllByText": [Function],
  "getAllByTitle": [Function],
  "getByAltText": [Function],
  "getByDisplayValue": [Function],
  "getByLabelText": [Function],
  "getByPlaceholderText": [Function],
  "getByRole": [Function],
  "getByTestId": [Function],
  "getByText": [Function],
  "getByTitle": [Function],
  "queryAllByAltText": [Function],
  "queryAllByDisplayValue": [Function],
  "queryAllByLabelText": [Function],
  "queryAllByPlaceholderText": [Function],
  "queryAllByRole": [Function],
  "queryAllByTestId": [Function],
  "queryAllByText": [Function],
  "queryAllByTitle": [Function],
  "queryByAltText": [Function],
  "queryByDisplayValue": [Function],
  "queryByLabelText": [Function],
  "queryByPlaceholderText": [Function],
  "queryByRole": [Function],
  "queryByTestId": [Function],
  "queryByText": [Function],
  "queryByTitle": [Function],
  "rerender": [Function],
  "unmount": [Function],
}
`;
